[arachatel.framer.website/index.html]
[backblue.gif]
[fade.gif]
[index.html]
[arachatel.framer.website/features.html]
[arachatel.framer.website/pricing.html]
[arachatel.framer.website/blog.html]
[framerusercontent.com/images/qdl9ooZjpEj2F3i6vN2hoDrK0TY.png]
[framerusercontent.com/images/sT3uO7dD8e4YHCRQWq2HVZkTi8.png]
[framerusercontent.com/images/pa3enr0rMIp8hB9a3ByxHGNkiQa3fc.jpg]
[framerusercontent.com/images/KcL7MpcCEKLMJj2SQWqnWsKp2Q.png]
[framerusercontent.com/images/G1k7vnM5P8kW3006NM5ohtP7kUw.png]
[framerusercontent.com/images/nGJaHPcfPnBVpoj6214PtFsxg.png]
[framerusercontent.com/images/WnsDVxtTCay6pmq9z6d1ZtYB2u4.png]
[framerusercontent.com/images/OFCTUp6er3GoiV9dR29nyDnw.png]
[framerusercontent.com/images/8mVSFL108KB5vp1HJpru3acEA.png]
[arachatel.framer.website/index.html]
[www.googletagmanager.com/gtm5445.html]
[framerusercontent.com/images/3dpALmvrIR88qPmbDlYoTyJSig.png]
[framerusercontent.com/images/as6pToAcKOHTOE3w3M6Qo0ssY8.png]
[framerusercontent.com/images/0zK6JpojX12brlP1JYcBGK8BG8.png]
[framerusercontent.com/images/tQEbzfJnKVkKrqBugkd8ICNdnw.png]
[framerusercontent.com/images/WhV5qdNxyAfOK6AgSrce3RR8iwo.png]
[arachatel.framer.website/features.html]
[arachatel.framer.website/pricing.html]
[framerusercontent.com/images/Ez7hlbWo5GLuqZpWPqMSyu5kM.png]
[arachatel.framer.website/blog.html]
[arachatel.framer.website/blog/improved-data-security-measures.html]
[arachatel.framer.website/blog/improved-data-security-measures.html]
[framerusercontent.com/images/vlqYj1dq2kcDjPe4YutrxDMK5Q.png]
[framerusercontent.com/images/2GM6ki2etWlBmbJLuBgxa79iLg.png]
[framerusercontent.com/images/xL5rBml44ZPDBdPEqv6QS5ON3Do.png]
